{
    "SEEKING": {
        "content": [
            {
                "0": [
                    [
                        {
                            "id": "S1",
                            "sex": "male"
                        },
                        "S1.vcf.gz:md5,91a7f8e6926a9d645abad96aedc57b1a",
                        "S1.vcf.gz.tbi:md5,91da1f63734eeea6e397558623204423"
                    ]
                ],
                "1": [
                    [
                        {
                            "id": "S1",
                            "sex": "male"
                        },
                        "S1.json:md5,304f8b1480ea839ccbe666f325110e47"
                    ]
                ],
                "2": [
                    
                ],
                "3": [
                    "versions.yml:md5,dfa0fac1df04fde284ae679110d1e44d"
                ],
                "bam": [
                    
                ],
                "json": [
                    [
                        {
                            "id": "S1",
                            "sex": "male"
                        },
                        "S1.json:md5,304f8b1480ea839ccbe666f325110e47"
                    ]
                ],
                "vcf": [
                    [
                        {
                            "id": "S1",
                            "sex": "male"
                        },
                        "S1.vcf.gz:md5,91a7f8e6926a9d645abad96aedc57b1a",
                        "S1.vcf.gz.tbi:md5,91da1f63734eeea6e397558623204423"
                    ]
                ],
                "versions": [
                    "versions.yml:md5,dfa0fac1df04fde284ae679110d1e44d"
                ]
            }
        ],
        "meta": {
            "nf-test": "0.9.3",
            "nextflow": "25.10.0"
        },
        "timestamp": "2025-11-03T12:21:50.608900811"
    },
    "STREAMING": {
        "content": [
            {
                "0": [
                    [
                        {
                            "id": "S1",
                            "sex": "male"
                        },
                        "S1.vcf.gz:md5,7cfecc24231c537aa1e3bb001224c9ab",
                        "S1.vcf.gz.tbi:md5,91da1f63734eeea6e397558623204423"
                    ]
                ],
                "1": [
                    [
                        {
                            "id": "S1",
                            "sex": "male"
                        },
                        "S1.json:md5,304f8b1480ea839ccbe666f325110e47"
                    ]
                ],
                "2": [
                    
                ],
                "3": [
                    "versions.yml:md5,dfa0fac1df04fde284ae679110d1e44d"
                ],
                "bam": [
                    
                ],
                "json": [
                    [
                        {
                            "id": "S1",
                            "sex": "male"
                        },
                        "S1.json:md5,304f8b1480ea839ccbe666f325110e47"
                    ]
                ],
                "vcf": [
                    [
                        {
                            "id": "S1",
                            "sex": "male"
                        },
                        "S1.vcf.gz:md5,7cfecc24231c537aa1e3bb001224c9ab",
                        "S1.vcf.gz.tbi:md5,91da1f63734eeea6e397558623204423"
                    ]
                ],
                "versions": [
                    "versions.yml:md5,dfa0fac1df04fde284ae679110d1e44d"
                ]
            }
        ],
        "meta": {
            "nf-test": "0.9.3",
            "nextflow": "25.10.0"
        },
        "timestamp": "2025-11-03T12:21:57.206409725"
    },
    "KEEP_BAM": {
        "content": [
            {
                "0": [
                    [
                        {
                            "id": "S1",
                            "sex": "male"
                        },
                        "S1.vcf.gz:md5,476286690efde44480394e5432b064df",
                        "S1.vcf.gz.tbi:md5,91da1f63734eeea6e397558623204423"
                    ]
                ],
                "1": [
                    [
                        {
                            "id": "S1",
                            "sex": "male"
                        },
                        "S1.json:md5,304f8b1480ea839ccbe666f325110e47"
                    ]
                ],
                "2": [
                    
                ],
                "3": [
                    "versions.yml:md5,dfa0fac1df04fde284ae679110d1e44d"
                ],
                "bam": [
                    
                ],
                "json": [
                    [
                        {
                            "id": "S1",
                            "sex": "male"
                        },
                        "S1.json:md5,304f8b1480ea839ccbe666f325110e47"
                    ]
                ],
                "vcf": [
                    [
                        {
                            "id": "S1",
                            "sex": "male"
                        },
                        "S1.vcf.gz:md5,476286690efde44480394e5432b064df",
                        "S1.vcf.gz.tbi:md5,91da1f63734eeea6e397558623204423"
                    ]
                ],
                "versions": [
                    "versions.yml:md5,dfa0fac1df04fde284ae679110d1e44d"
                ]
            }
        ],
        "meta": {
            "nf-test": "0.9.3",
            "nextflow": "25.10.0"
        },
        "timestamp": "2025-11-03T12:21:53.911391253"
    }
}