{
    "Should run without failures": {
        "content": [
            {
                "0": [
                    [
                        {
                            "id": "ref"
                        },
                        [
                            "PREFIX.amb:md5,0222c72dc28c4a5c4a13c1037c099d5e",
                            "PREFIX.ann:md5,3faceea1524491c970d9484c20008930",
                            "PREFIX.bwt:md5,618cf5514cc8a2497e5393c50f491b0a",
                            "PREFIX.pac:md5,9bc23b96b6cd6b4852aa23de8a5e0bd9",
                            "PREFIX.sa:md5,8d8f33f6b4c27bf70f27b5369313ad69"
                        ]
                    ]
                ],
                "1": [
                    "versions.yml:md5,38c77a752573268c70cb1e19db3ce17c"
                ],
                "bwa_index": [
                    [
                        {
                            "id": "ref"
                        },
                        [
                            "PREFIX.amb:md5,0222c72dc28c4a5c4a13c1037c099d5e",
                            "PREFIX.ann:md5,3faceea1524491c970d9484c20008930",
                            "PREFIX.bwt:md5,618cf5514cc8a2497e5393c50f491b0a",
                            "PREFIX.pac:md5,9bc23b96b6cd6b4852aa23de8a5e0bd9",
                            "PREFIX.sa:md5,8d8f33f6b4c27bf70f27b5369313ad69"
                        ]
                    ]
                ],
                "versions": [
                    "versions.yml:md5,38c77a752573268c70cb1e19db3ce17c"
                ]
            }
        ],
        "meta": {
            "nf-test": "0.9.3",
            "nextflow": "25.10.0"
        },
        "timestamp": "2025-11-03T10:58:43.93101208"
    }
}