{
    "NO_BED": {
        "content": [
            {
                "0": [
                    [
                        {
                            "id": "S1"
                        },
                        "S1.mosdepth.global.dist.txt:md5,de55ccac3215767afa2833482eae2497"
                    ]
                ],
                "1": [
                    [
                        {
                            "id": "S1"
                        },
                        "S1.mosdepth.summary.txt:md5,22ceb02cd7912668cb1c9e7bfdb6c184"
                    ]
                ],
                "2": [
                    
                ],
                "3": [
                    
                ],
                "4": [
                    "versions.yml:md5,333368078626c18a32eeb12299080cc9"
                ],
                "global_txt": [
                    [
                        {
                            "id": "S1"
                        },
                        "S1.mosdepth.global.dist.txt:md5,de55ccac3215767afa2833482eae2497"
                    ]
                ],
                "regions_bed": [
                    
                ],
                "regions_txt": [
                    
                ],
                "summary_txt": [
                    [
                        {
                            "id": "S1"
                        },
                        "S1.mosdepth.summary.txt:md5,22ceb02cd7912668cb1c9e7bfdb6c184"
                    ]
                ],
                "versions": [
                    "versions.yml:md5,333368078626c18a32eeb12299080cc9"
                ]
            }
        ],
        "meta": {
            "nf-test": "0.9.3",
            "nextflow": "25.10.0"
        },
        "timestamp": "2025-11-03T13:42:43.746522339"
    },
    "WITH_BED": {
        "content": [
            {
                "0": [
                    [
                        {
                            "id": "S1"
                        },
                        "S1.mosdepth.global.dist.txt:md5,efdb1d5f969a39badcda6f84152d8508"
                    ]
                ],
                "1": [
                    [
                        {
                            "id": "S1"
                        },
                        "S1.mosdepth.summary.txt:md5,0cc2082be6c2d5cabc7c58f3359375e1"
                    ]
                ],
                "2": [
                    [
                        {
                            "id": "S1"
                        },
                        "S1.mosdepth.region.dist.txt:md5,1b4120f0f1f76ca2f4a674a42f0946e1"
                    ]
                ],
                "3": [
                    [
                        {
                            "id": "S1"
                        },
                        "S1.regions.bed.gz:md5,ff6758410094a49a0a657aa18b8732d6",
                        "S1.regions.bed.gz.csi:md5,a8ec2c418f8869cf98f1171065cb7ba6"
                    ]
                ],
                "4": [
                    "versions.yml:md5,333368078626c18a32eeb12299080cc9"
                ],
                "global_txt": [
                    [
                        {
                            "id": "S1"
                        },
                        "S1.mosdepth.global.dist.txt:md5,efdb1d5f969a39badcda6f84152d8508"
                    ]
                ],
                "regions_bed": [
                    [
                        {
                            "id": "S1"
                        },
                        "S1.regions.bed.gz:md5,ff6758410094a49a0a657aa18b8732d6",
                        "S1.regions.bed.gz.csi:md5,a8ec2c418f8869cf98f1171065cb7ba6"
                    ]
                ],
                "regions_txt": [
                    [
                        {
                            "id": "S1"
                        },
                        "S1.mosdepth.region.dist.txt:md5,1b4120f0f1f76ca2f4a674a42f0946e1"
                    ]
                ],
                "summary_txt": [
                    [
                        {
                            "id": "S1"
                        },
                        "S1.mosdepth.summary.txt:md5,0cc2082be6c2d5cabc7c58f3359375e1"
                    ]
                ],
                "versions": [
                    "versions.yml:md5,333368078626c18a32eeb12299080cc9"
                ]
            }
        ],
        "meta": {
            "nf-test": "0.9.3",
            "nextflow": "25.10.0"
        },
        "timestamp": "2025-11-03T13:42:47.071526142"
    }
}