{
    "WITHOUT_BED": {
        "content": [
            {
                "0": [
                    [
                        {
                            "id": "S1"
                        },
                        "S1.bam:md5,4731a5074911eb5cbf787c8228a3cb5e",
                        "S1.bam.bai:md5,c74b7634a61f33c7023ce3d19a4080a4",
                        "S1.recal.table:md5,2ead9fb16e0d0fe75128f36637faa0ea"
                    ]
                ],
                "1": [
                    "versions.yml:md5,e2dde448a8c3b9f49de7a42f25e3a79b"
                ],
                "table": [
                    [
                        {
                            "id": "S1"
                        },
                        "S1.bam:md5,4731a5074911eb5cbf787c8228a3cb5e",
                        "S1.bam.bai:md5,c74b7634a61f33c7023ce3d19a4080a4",
                        "S1.recal.table:md5,2ead9fb16e0d0fe75128f36637faa0ea"
                    ]
                ],
                "versions": [
                    "versions.yml:md5,e2dde448a8c3b9f49de7a42f25e3a79b"
                ]
            }
        ],
        "meta": {
            "nf-test": "0.9.3",
            "nextflow": "25.10.0"
        },
        "timestamp": "2025-11-03T17:09:06.302236038"
    },
    "WITH_BED": {
        "content": [
            {
                "0": [
                    [
                        {
                            "id": "S1"
                        },
                        "S1.bam:md5,4731a5074911eb5cbf787c8228a3cb5e",
                        "S1.bam.bai:md5,c74b7634a61f33c7023ce3d19a4080a4",
                        "S1.rotavirus_rf.recal.table:md5,253e723f213340aa617b60a4d6172780"
                    ]
                ],
                "1": [
                    "versions.yml:md5,e2dde448a8c3b9f49de7a42f25e3a79b"
                ],
                "table": [
                    [
                        {
                            "id": "S1"
                        },
                        "S1.bam:md5,4731a5074911eb5cbf787c8228a3cb5e",
                        "S1.bam.bai:md5,c74b7634a61f33c7023ce3d19a4080a4",
                        "S1.rotavirus_rf.recal.table:md5,253e723f213340aa617b60a4d6172780"
                    ]
                ],
                "versions": [
                    "versions.yml:md5,e2dde448a8c3b9f49de7a42f25e3a79b"
                ]
            }
        ],
        "meta": {
            "nf-test": "0.9.3",
            "nextflow": "25.10.0"
        },
        "timestamp": "2025-11-03T17:09:25.056195306"
    }
}