{
    "PAIRED": {
        "content": [
            {
                "0": [
                    [
                        {
                            "id": "S1"
                        },
                        [
                            "S1.S1.R1_fastqc.zip:md5,5ef94f2fea16fae1834121ced91c229b",
                            "S1.S1.R2_fastqc.zip:md5,738b7ba5c64e08fad67f39b9ad72d256"
                        ]
                    ]
                ],
                "1": [
                    [
                        {
                            "id": "S1"
                        },
                        [
                            "S1.S1.R1_fastqc.html:md5,313941c571010c4e652f23a9f4e0cab0",
                            "S1.S1.R2_fastqc.html:md5,080712c94c325a69fd4a7b0ed16ec732"
                        ]
                    ]
                ],
                "2": [
                    "versions.yml:md5,bcae864bc764e92d1ebe9e939b014805"
                ],
                "html": [
                    [
                        {
                            "id": "S1"
                        },
                        [
                            "S1.S1.R1_fastqc.html:md5,313941c571010c4e652f23a9f4e0cab0",
                            "S1.S1.R2_fastqc.html:md5,080712c94c325a69fd4a7b0ed16ec732"
                        ]
                    ]
                ],
                "versions": [
                    "versions.yml:md5,bcae864bc764e92d1ebe9e939b014805"
                ],
                "zip": [
                    [
                        {
                            "id": "S1"
                        },
                        [
                            "S1.S1.R1_fastqc.zip:md5,5ef94f2fea16fae1834121ced91c229b",
                            "S1.S1.R2_fastqc.zip:md5,738b7ba5c64e08fad67f39b9ad72d256"
                        ]
                    ]
                ]
            }
        ],
        "meta": {
            "nf-test": "0.9.3",
            "nextflow": "25.10.0"
        },
        "timestamp": "2025-11-03T13:35:25.131776043"
    },
    "SINGLE": {
        "content": [
            {
                "0": [
                    [
                        {
                            "id": "S1"
                        },
                        "S1.S1.R1_fastqc.zip:md5,06a9f2d9ad3d8decf933aa28adc9bcbc"
                    ]
                ],
                "1": [
                    [
                        {
                            "id": "S1"
                        },
                        "S1.S1.R1_fastqc.html:md5,313941c571010c4e652f23a9f4e0cab0"
                    ]
                ],
                "2": [
                    "versions.yml:md5,bcae864bc764e92d1ebe9e939b014805"
                ],
                "html": [
                    [
                        {
                            "id": "S1"
                        },
                        "S1.S1.R1_fastqc.html:md5,313941c571010c4e652f23a9f4e0cab0"
                    ]
                ],
                "versions": [
                    "versions.yml:md5,bcae864bc764e92d1ebe9e939b014805"
                ],
                "zip": [
                    [
                        {
                            "id": "S1"
                        },
                        "S1.S1.R1_fastqc.zip:md5,06a9f2d9ad3d8decf933aa28adc9bcbc"
                    ]
                ]
            }
        ],
        "meta": {
            "nf-test": "0.9.3",
            "nextflow": "25.10.0"
        },
        "timestamp": "2025-11-03T13:35:30.615667791"
    }
}