{
    "WGSIM generate fastq files": {
        "content": [
            {
                "0": [
                    [
                        [
                            {
                                "id": "S1"
                            }
                        ],
                        "[S1].R1.fq.gz:md5,d41d8cd98f00b204e9800998ecf8427e",
                        "[S1].R2.fq.gz:md5,d41d8cd98f00b204e9800998ecf8427e"
                    ]
                ],
                "1": [
                    [
                        [
                            {
                                "id": "S1"
                            }
                        ],
                        "{meta.id}.variants.tsv:md5,d41d8cd98f00b204e9800998ecf8427e"
                    ]
                ],
                "2": [
                    "versions.yml:md5,7bf6d4d7d8daeee570945dd8918ab85e"
                ],
                "fastq": [
                    [
                        [
                            {
                                "id": "S1"
                            }
                        ],
                        "[S1].R1.fq.gz:md5,d41d8cd98f00b204e9800998ecf8427e",
                        "[S1].R2.fq.gz:md5,d41d8cd98f00b204e9800998ecf8427e"
                    ]
                ],
                "variants": [
                    [
                        [
                            {
                                "id": "S1"
                            }
                        ],
                        "{meta.id}.variants.tsv:md5,d41d8cd98f00b204e9800998ecf8427e"
                    ]
                ],
                "versions": [
                    "versions.yml:md5,7bf6d4d7d8daeee570945dd8918ab85e"
                ]
            }
        ],
        "meta": {
            "nf-test": "0.9.3",
            "nextflow": "25.10.0"
        },
        "timestamp": "2025-10-29T15:06:30.829201454"
    }
}