{
    "WITH_BAM": {
        "content": [
            {
                "0": [
                    [
                        {
                            "id": "S1"
                        },
                        "S1.bqsr.bam:md5,4dcced70e00f95efadac6bca2380647f",
                        "S1.bqsr.bam.bai:md5,6d2f8af8039245b56663dc3bbd5da009"
                    ]
                ],
                "1": [
                    "versions.yml:md5,7925f4040579e7d437d2cc57d7f833cc"
                ],
                "bam": [
                    [
                        {
                            "id": "S1"
                        },
                        "S1.bqsr.bam:md5,4dcced70e00f95efadac6bca2380647f",
                        "S1.bqsr.bam.bai:md5,6d2f8af8039245b56663dc3bbd5da009"
                    ]
                ],
                "versions": [
                    "versions.yml:md5,7925f4040579e7d437d2cc57d7f833cc"
                ]
            }
        ],
        "meta": {
            "nf-test": "0.9.3",
            "nextflow": "25.10.0"
        },
        "timestamp": "2025-11-03T17:16:50.483643636"
    }
}