{
    "BED": {
        "content": [
            {
                "0": [
                    [
                        {
                            "id": "bed"
                        },
                        "rotavirus_rf.bed:md5,7a30fdb9205482a4e65fffada894270f"
                    ]
                ],
                "1": [
                    "versions.yml:md5,5e3399d798436ec6415fada3a1f25036"
                ],
                "bed": [
                    [
                        {
                            "id": "bed"
                        },
                        "rotavirus_rf.bed:md5,7a30fdb9205482a4e65fffada894270f"
                    ]
                ],
                "versions": [
                    "versions.yml:md5,5e3399d798436ec6415fada3a1f25036"
                ]
            }
        ],
        "meta": {
            "nf-test": "0.9.3",
            "nextflow": "25.10.0"
        },
        "timestamp": "2025-11-03T13:55:36.90162797"
    }
}