{
    "Should run without failures": {
        "content": [
            {
                "0": [
                    [
                        {
                            "id": "S1"
                        },
                        "S1.cram:md5,61f8ba8e9226aaed43dfaa9834839502",
                        "S1.cram.crai:md5,3a5ebf434729c10f65e8956b813c3d2c"
                    ]
                ],
                "1": [
                    [
                        {
                            "id": "S1"
                        },
                        "S1.md5:md5,2cde0e0119ca2ee3660f544cc00836e0"
                    ]
                ],
                "2": [
                    "versions.yml:md5,e3b0505281bcb056fbeadec8532195ee"
                ],
                "cram": [
                    [
                        {
                            "id": "S1"
                        },
                        "S1.cram:md5,61f8ba8e9226aaed43dfaa9834839502",
                        "S1.cram.crai:md5,3a5ebf434729c10f65e8956b813c3d2c"
                    ]
                ],
                "md5": [
                    [
                        {
                            "id": "S1"
                        },
                        "S1.md5:md5,2cde0e0119ca2ee3660f544cc00836e0"
                    ]
                ],
                "versions": [
                    "versions.yml:md5,e3b0505281bcb056fbeadec8532195ee"
                ]
            }
        ],
        "meta": {
            "nf-test": "0.9.3",
            "nextflow": "25.10.0"
        },
        "timestamp": "2025-11-03T17:50:53.470688757"
    }
}