{
    "Should run without failures": {
        "content": [
            {
                "0": [
                    [
                        {
                            "id": "ref",
                            "ucsc_name": "hg38"
                        },
                        "rotavirus_rf.dict:md5,d3efb11336be288e2d5974b948148b0d"
                    ]
                ],
                "1": [
                    "versions.yml:md5,28910ff9c42a30bccd7c0b38253c74ee"
                ],
                "dict": [
                    [
                        {
                            "id": "ref",
                            "ucsc_name": "hg38"
                        },
                        "rotavirus_rf.dict:md5,d3efb11336be288e2d5974b948148b0d"
                    ]
                ],
                "versions": [
                    "versions.yml:md5,28910ff9c42a30bccd7c0b38253c74ee"
                ]
            }
        ],
        "meta": {
            "nf-test": "0.9.3",
            "nextflow": "25.10.0"
        },
        "timestamp": "2025-11-03T17:28:43.033199801"
    }
}